
running 1 test
test sampler::keyed_bench::benchmark_keyed_sampling ... vocab,batch,filter,mode,repeat,steps,us_per_batch_step
32768,1,greedy,cpu_legacy,0,32,103.359
32768,1,greedy,cpu_keyed,0,32,112.734
32768,1,greedy,readback_cpu_legacy,0,32,313.930
32768,1,greedy,readback_cpu_keyed,0,32,299.555
32768,1,greedy,metal_legacy,0,32,296.059
32768,1,greedy,metal_compact,0,32,247.154
32768,1,greedy,metal_queued,0,32,31.439
KEYED_CPU_METAL_DIFFERENCES vocab=32768 batch=1 filter=greedy repeat=0 differing=0 total=32
32768,1,greedy,cpu_keyed,1,32,103.255
32768,1,greedy,readback_cpu_legacy,1,32,301.211
32768,1,greedy,readback_cpu_keyed,1,32,298.659
32768,1,greedy,metal_legacy,1,32,301.512
32768,1,greedy,metal_compact,1,32,228.147
32768,1,greedy,metal_queued,1,32,29.837
32768,1,greedy,cpu_legacy,1,32,102.723
KEYED_CPU_METAL_DIFFERENCES vocab=32768 batch=1 filter=greedy repeat=1 differing=0 total=32
32768,1,greedy,readback_cpu_legacy,2,32,299.137
32768,1,greedy,readback_cpu_keyed,2,32,294.751
32768,1,greedy,metal_legacy,2,32,293.751
32768,1,greedy,metal_compact,2,32,232.297
32768,1,greedy,metal_queued,2,32,29.725
32768,1,greedy,cpu_legacy,2,32,102.652
32768,1,greedy,cpu_keyed,2,32,104.180
KEYED_CPU_METAL_DIFFERENCES vocab=32768 batch=1 filter=greedy repeat=2 differing=0 total=32
32768,1,greedy,readback_cpu_keyed,3,32,302.547
32768,1,greedy,metal_legacy,3,32,300.401
32768,1,greedy,metal_compact,3,32,224.578
32768,1,greedy,metal_queued,3,32,29.478
32768,1,greedy,cpu_legacy,3,32,103.685
32768,1,greedy,cpu_keyed,3,32,105.310
32768,1,greedy,readback_cpu_legacy,3,32,290.349
KEYED_CPU_METAL_DIFFERENCES vocab=32768 batch=1 filter=greedy repeat=3 differing=0 total=32
32768,1,greedy,metal_legacy,4,32,281.560
32768,1,greedy,metal_compact,4,32,218.124
32768,1,greedy,metal_queued,4,32,20.453
32768,1,greedy,cpu_legacy,4,32,102.659
32768,1,greedy,cpu_keyed,4,32,104.033
32768,1,greedy,readback_cpu_legacy,4,32,279.811
32768,1,greedy,readback_cpu_keyed,4,32,266.930
KEYED_CPU_METAL_DIFFERENCES vocab=32768 batch=1 filter=greedy repeat=4 differing=0 total=32
32768,1,top1,cpu_legacy,0,32,183.477
32768,1,top1,cpu_keyed,0,32,210.284
32768,1,top1,readback_cpu_legacy,0,32,396.814
32768,1,top1,readback_cpu_keyed,0,32,399.889
32768,1,top1,metal_legacy,0,32,234.896
32768,1,top1,metal_compact,0,32,208.202
32768,1,top1,metal_queued,0,32,18.083
KEYED_CPU_METAL_DIFFERENCES vocab=32768 batch=1 filter=top1 repeat=0 differing=0 total=32
32768,1,top1,cpu_keyed,1,32,207.733
32768,1,top1,readback_cpu_legacy,1,32,360.840
32768,1,top1,readback_cpu_keyed,1,32,382.871
32768,1,top1,metal_legacy,1,32,230.631
32768,1,top1,metal_compact,1,32,199.273
32768,1,top1,metal_queued,1,32,17.625
32768,1,top1,cpu_legacy,1,32,200.302
KEYED_CPU_METAL_DIFFERENCES vocab=32768 batch=1 filter=top1 repeat=1 differing=0 total=32
32768,1,top1,readback_cpu_legacy,2,32,394.938
32768,1,top1,readback_cpu_keyed,2,32,387.324
32768,1,top1,metal_legacy,2,32,235.824
32768,1,top1,metal_compact,2,32,207.367
32768,1,top1,metal_queued,2,32,17.999
32768,1,top1,cpu_legacy,2,32,184.422
32768,1,top1,cpu_keyed,2,32,212.812
KEYED_CPU_METAL_DIFFERENCES vocab=32768 batch=1 filter=top1 repeat=2 differing=0 total=32
32768,1,top1,readback_cpu_keyed,3,32,392.387
32768,1,top1,metal_legacy,3,32,244.467
32768,1,top1,metal_compact,3,32,213.483
32768,1,top1,metal_queued,3,32,17.645
32768,1,top1,cpu_legacy,3,32,184.534
32768,1,top1,cpu_keyed,3,32,213.956
32768,1,top1,readback_cpu_legacy,3,32,374.608
KEYED_CPU_METAL_DIFFERENCES vocab=32768 batch=1 filter=top1 repeat=3 differing=0 total=32
32768,1,top1,metal_legacy,4,32,242.402
32768,1,top1,metal_compact,4,32,199.600
32768,1,top1,metal_queued,4,32,17.883
32768,1,top1,cpu_legacy,4,32,185.762
32768,1,top1,cpu_keyed,4,32,210.691
32768,1,top1,readback_cpu_legacy,4,32,372.035
32768,1,top1,readback_cpu_keyed,4,32,387.124
KEYED_CPU_METAL_DIFFERENCES vocab=32768 batch=1 filter=top1 repeat=4 differing=0 total=32
32768,1,categorical,cpu_legacy,0,32,115.008
32768,1,categorical,cpu_keyed,0,32,156.022
32768,1,categorical,readback_cpu_legacy,0,32,292.126
32768,1,categorical,readback_cpu_keyed,0,32,327.615
32768,1,categorical,metal_legacy,0,32,289.832
32768,1,categorical,metal_compact,0,32,235.240
32768,1,categorical,metal_queued,0,32,40.277
KEYED_CPU_METAL_DIFFERENCES vocab=32768 batch=1 filter=categorical repeat=0 differing=1 total=32
32768,1,categorical,cpu_keyed,1,32,152.669
32768,1,categorical,readback_cpu_legacy,1,32,285.078
32768,1,categorical,readback_cpu_keyed,1,32,328.654
32768,1,categorical,metal_legacy,1,32,278.474
32768,1,categorical,metal_compact,1,32,241.546
32768,1,categorical,metal_queued,1,32,40.270
32768,1,categorical,cpu_legacy,1,32,107.730
KEYED_CPU_METAL_DIFFERENCES vocab=32768 batch=1 filter=categorical repeat=1 differing=1 total=32
32768,1,categorical,readback_cpu_legacy,2,32,281.932
32768,1,categorical,readback_cpu_keyed,2,32,327.219
32768,1,categorical,metal_legacy,2,32,273.284
32768,1,categorical,metal_compact,2,32,236.385
32768,1,categorical,metal_queued,2,32,40.310
32768,1,categorical,cpu_legacy,2,32,107.777
32768,1,categorical,cpu_keyed,2,32,156.160
KEYED_CPU_METAL_DIFFERENCES vocab=32768 batch=1 filter=categorical repeat=2 differing=1 total=32
32768,1,categorical,readback_cpu_keyed,3,32,338.198
32768,1,categorical,metal_legacy,3,32,287.685
32768,1,categorical,metal_compact,3,32,245.092
32768,1,categorical,metal_queued,3,32,40.566
32768,1,categorical,cpu_legacy,3,32,108.000
32768,1,categorical,cpu_keyed,3,32,156.275
32768,1,categorical,readback_cpu_legacy,3,32,288.542
KEYED_CPU_METAL_DIFFERENCES vocab=32768 batch=1 filter=categorical repeat=3 differing=1 total=32
32768,1,categorical,metal_legacy,4,32,276.030
32768,1,categorical,metal_compact,4,32,235.988
32768,1,categorical,metal_queued,4,32,41.242
32768,1,categorical,cpu_legacy,4,32,107.124
32768,1,categorical,cpu_keyed,4,32,156.217
32768,1,categorical,readback_cpu_legacy,4,32,284.797
32768,1,categorical,readback_cpu_keyed,4,32,328.647
KEYED_CPU_METAL_DIFFERENCES vocab=32768 batch=1 filter=categorical repeat=4 differing=1 total=32
32768,1,topk40_p90,cpu_legacy,0,32,233.784
32768,1,topk40_p90,cpu_keyed,0,32,251.083
32768,1,topk40_p90,readback_cpu_legacy,0,32,418.135
32768,1,topk40_p90,readback_cpu_keyed,0,32,442.565
32768,1,topk40_p90,metal_legacy,0,32,327.280
32768,1,topk40_p90,metal_compact,0,32,407.651
32768,1,topk40_p90,metal_queued,0,32,110.878
KEYED_CPU_METAL_DIFFERENCES vocab=32768 batch=1 filter=topk40_p90 repeat=0 differing=0 total=32
32768,1,topk40_p90,cpu_keyed,1,32,245.715
32768,1,topk40_p90,readback_cpu_legacy,1,32,393.917
32768,1,topk40_p90,readback_cpu_keyed,1,32,412.883
32768,1,topk40_p90,metal_legacy,1,32,364.777
32768,1,topk40_p90,metal_compact,1,32,404.768
32768,1,topk40_p90,metal_queued,1,32,111.805
32768,1,topk40_p90,cpu_legacy,1,32,221.027
KEYED_CPU_METAL_DIFFERENCES vocab=32768 batch=1 filter=topk40_p90 repeat=1 differing=0 total=32
32768,1,topk40_p90,readback_cpu_legacy,2,32,395.577
32768,1,topk40_p90,readback_cpu_keyed,2,32,414.677
32768,1,topk40_p90,metal_legacy,2,32,313.451
32768,1,topk40_p90,metal_compact,2,32,389.387
32768,1,topk40_p90,metal_queued,2,32,111.746
32768,1,topk40_p90,cpu_legacy,2,32,219.267
32768,1,topk40_p90,cpu_keyed,2,32,251.147
KEYED_CPU_METAL_DIFFERENCES vocab=32768 batch=1 filter=topk40_p90 repeat=2 differing=0 total=32
32768,1,topk40_p90,readback_cpu_keyed,3,32,430.316
32768,1,topk40_p90,metal_legacy,3,32,317.612
32768,1,topk40_p90,metal_compact,3,32,407.578
32768,1,topk40_p90,metal_queued,3,32,110.832
32768,1,topk40_p90,cpu_legacy,3,32,219.740
32768,1,topk40_p90,cpu_keyed,3,32,247.943
32768,1,topk40_p90,readback_cpu_legacy,3,32,386.410
KEYED_CPU_METAL_DIFFERENCES vocab=32768 batch=1 filter=topk40_p90 repeat=3 differing=0 total=32
32768,1,topk40_p90,metal_legacy,4,32,311.340
32768,1,topk40_p90,metal_compact,4,32,403.617
32768,1,topk40_p90,metal_queued,4,32,111.052
32768,1,topk40_p90,cpu_legacy,4,32,217.931
32768,1,topk40_p90,cpu_keyed,4,32,244.564
32768,1,topk40_p90,readback_cpu_legacy,4,32,396.419
32768,1,topk40_p90,readback_cpu_keyed,4,32,422.493
KEYED_CPU_METAL_DIFFERENCES vocab=32768 batch=1 filter=topk40_p90 repeat=4 differing=0 total=32
32768,8,greedy,cpu_legacy,0,32,211.271
32768,8,greedy,cpu_keyed,0,32,226.285
32768,8,greedy,readback_cpu_legacy,0,32,470.452
32768,8,greedy,readback_cpu_keyed,0,32,458.350
32768,8,greedy,metal_legacy,0,32,457.283
32768,8,greedy,metal_compact,0,32,403.927
32768,8,greedy,metal_queued,0,32,94.805
KEYED_CPU_METAL_DIFFERENCES vocab=32768 batch=8 filter=greedy repeat=0 differing=0 total=256
32768,8,greedy,cpu_keyed,1,32,247.204
32768,8,greedy,readback_cpu_legacy,1,32,460.109
32768,8,greedy,readback_cpu_keyed,1,32,431.263
32768,8,greedy,metal_legacy,1,32,477.790
32768,8,greedy,metal_compact,1,32,407.216
32768,8,greedy,metal_queued,1,32,96.060
32768,8,greedy,cpu_legacy,1,32,210.880
KEYED_CPU_METAL_DIFFERENCES vocab=32768 batch=8 filter=greedy repeat=1 differing=0 total=256
32768,8,greedy,readback_cpu_legacy,2,32,446.220
32768,8,greedy,readback_cpu_keyed,2,32,470.527
32768,8,greedy,metal_legacy,2,32,442.750
32768,8,greedy,metal_compact,2,32,390.191
32768,8,greedy,metal_queued,2,32,96.396
32768,8,greedy,cpu_legacy,2,32,180.250
32768,8,greedy,cpu_keyed,2,32,214.573
KEYED_CPU_METAL_DIFFERENCES vocab=32768 batch=8 filter=greedy repeat=2 differing=0 total=256
32768,8,greedy,readback_cpu_keyed,3,32,457.863
32768,8,greedy,metal_legacy,3,32,432.203
32768,8,greedy,metal_compact,3,32,402.247
32768,8,greedy,metal_queued,3,32,96.577
32768,8,greedy,cpu_legacy,3,32,229.228
32768,8,greedy,cpu_keyed,3,32,228.135
32768,8,greedy,readback_cpu_legacy,3,32,450.083
KEYED_CPU_METAL_DIFFERENCES vocab=32768 batch=8 filter=greedy repeat=3 differing=0 total=256
32768,8,greedy,metal_legacy,4,32,467.164
32768,8,greedy,metal_compact,4,32,397.699
32768,8,greedy,metal_queued,4,32,99.107
32768,8,greedy,cpu_legacy,4,32,213.408
32768,8,greedy,cpu_keyed,4,32,218.742
32768,8,greedy,readback_cpu_legacy,4,32,462.190
32768,8,greedy,readback_cpu_keyed,4,32,456.184
KEYED_CPU_METAL_DIFFERENCES vocab=32768 batch=8 filter=greedy repeat=4 differing=0 total=256
32768,8,top1,cpu_legacy,0,32,341.587
32768,8,top1,cpu_keyed,0,32,347.927
32768,8,top1,readback_cpu_legacy,0,32,614.960
32768,8,top1,readback_cpu_keyed,0,32,619.495
32768,8,top1,metal_legacy,0,32,600.087
32768,8,top1,metal_compact,0,32,400.180
32768,8,top1,metal_queued,0,32,94.467
KEYED_CPU_METAL_DIFFERENCES vocab=32768 batch=8 filter=top1 repeat=0 differing=0 total=256
32768,8,top1,cpu_keyed,1,32,341.255
32768,8,top1,readback_cpu_legacy,1,32,576.139
32768,8,top1,readback_cpu_keyed,1,32,647.865
32768,8,top1,metal_legacy,1,32,582.625
32768,8,top1,metal_compact,1,32,414.281
32768,8,top1,metal_queued,1,32,92.569
32768,8,top1,cpu_legacy,1,32,320.832
KEYED_CPU_METAL_DIFFERENCES vocab=32768 batch=8 filter=top1 repeat=1 differing=0 total=256
32768,8,top1,readback_cpu_legacy,2,32,615.381
32768,8,top1,readback_cpu_keyed,2,32,597.839
32768,8,top1,metal_legacy,2,32,584.048
32768,8,top1,metal_compact,2,32,401.296
32768,8,top1,metal_queued,2,32,93.927
32768,8,top1,cpu_legacy,2,32,329.831
32768,8,top1,cpu_keyed,2,32,380.042
KEYED_CPU_METAL_DIFFERENCES vocab=32768 batch=8 filter=top1 repeat=2 differing=0 total=256
32768,8,top1,readback_cpu_keyed,3,32,626.755
32768,8,top1,metal_legacy,3,32,597.108
32768,8,top1,metal_compact,3,32,424.951
32768,8,top1,metal_queued,3,32,96.074
32768,8,top1,cpu_legacy,3,32,328.531
32768,8,top1,cpu_keyed,3,32,346.634
32768,8,top1,readback_cpu_legacy,3,32,586.430
KEYED_CPU_METAL_DIFFERENCES vocab=32768 batch=8 filter=top1 repeat=3 differing=0 total=256
32768,8,top1,metal_legacy,4,32,592.122
32768,8,top1,metal_compact,4,32,423.806
32768,8,top1,metal_queued,4,32,92.898
32768,8,top1,cpu_legacy,4,32,329.757
32768,8,top1,cpu_keyed,4,32,354.815
32768,8,top1,readback_cpu_legacy,4,32,592.318
32768,8,top1,readback_cpu_keyed,4,32,638.820
KEYED_CPU_METAL_DIFFERENCES vocab=32768 batch=8 filter=top1 repeat=4 differing=0 total=256
32768,8,categorical,cpu_legacy,0,32,225.462
32768,8,categorical,cpu_keyed,0,32,286.035
32768,8,categorical,readback_cpu_legacy,0,32,491.686
32768,8,categorical,readback_cpu_keyed,0,32,568.089
32768,8,categorical,metal_legacy,0,32,491.969
32768,8,categorical,metal_compact,0,32,434.565
32768,8,categorical,metal_queued,0,32,95.870
KEYED_CPU_METAL_DIFFERENCES vocab=32768 batch=8 filter=categorical repeat=0 differing=7 total=256
32768,8,categorical,cpu_keyed,1,32,449.745
32768,8,categorical,readback_cpu_legacy,1,32,495.892
32768,8,categorical,readback_cpu_keyed,1,32,562.048
32768,8,categorical,metal_legacy,1,32,474.026
32768,8,categorical,metal_compact,1,32,443.578
32768,8,categorical,metal_queued,1,32,94.124
32768,8,categorical,cpu_legacy,1,32,232.230
KEYED_CPU_METAL_DIFFERENCES vocab=32768 batch=8 filter=categorical repeat=1 differing=7 total=256
32768,8,categorical,readback_cpu_legacy,2,32,495.465
32768,8,categorical,readback_cpu_keyed,2,32,531.624
32768,8,categorical,metal_legacy,2,32,482.128
32768,8,categorical,metal_compact,2,32,429.456
32768,8,categorical,metal_queued,2,32,95.023
32768,8,categorical,cpu_legacy,2,32,224.380
32768,8,categorical,cpu_keyed,2,32,295.095
KEYED_CPU_METAL_DIFFERENCES vocab=32768 batch=8 filter=categorical repeat=2 differing=7 total=256
32768,8,categorical,readback_cpu_keyed,3,32,547.742
32768,8,categorical,metal_legacy,3,32,471.138
32768,8,categorical,metal_compact,3,32,435.884
32768,8,categorical,metal_queued,3,32,94.901
32768,8,categorical,cpu_legacy,3,32,232.900
32768,8,categorical,cpu_keyed,3,32,293.495
32768,8,categorical,readback_cpu_legacy,3,32,478.163
KEYED_CPU_METAL_DIFFERENCES vocab=32768 batch=8 filter=categorical repeat=3 differing=7 total=256
32768,8,categorical,metal_legacy,4,32,460.267
32768,8,categorical,metal_compact,4,32,409.717
32768,8,categorical,metal_queued,4,32,98.191
32768,8,categorical,cpu_legacy,4,32,247.546
32768,8,categorical,cpu_keyed,4,32,290.728
32768,8,categorical,readback_cpu_legacy,4,32,472.814
32768,8,categorical,readback_cpu_keyed,4,32,544.983
KEYED_CPU_METAL_DIFFERENCES vocab=32768 batch=8 filter=categorical repeat=4 differing=7 total=256
32768,8,topk40_p90,cpu_legacy,0,32,367.275
32768,8,topk40_p90,cpu_keyed,0,32,425.146
32768,8,topk40_p90,readback_cpu_legacy,0,32,669.790
32768,8,topk40_p90,readback_cpu_keyed,0,32,678.458
32768,8,topk40_p90,metal_legacy,0,32,637.043
32768,8,topk40_p90,metal_compact,0,32,846.941
32768,8,topk40_p90,metal_queued,0,32,306.608
KEYED_CPU_METAL_DIFFERENCES vocab=32768 batch=8 filter=topk40_p90 repeat=0 differing=0 total=256
32768,8,topk40_p90,cpu_keyed,1,32,402.569
32768,8,topk40_p90,readback_cpu_legacy,1,32,605.249
32768,8,topk40_p90,readback_cpu_keyed,1,32,679.419
32768,8,topk40_p90,metal_legacy,1,32,630.214
32768,8,topk40_p90,metal_compact,1,32,816.132
32768,8,topk40_p90,metal_queued,1,32,310.501
32768,8,topk40_p90,cpu_legacy,1,32,362.055
KEYED_CPU_METAL_DIFFERENCES vocab=32768 batch=8 filter=topk40_p90 repeat=1 differing=0 total=256
32768,8,topk40_p90,readback_cpu_legacy,2,32,703.896
32768,8,topk40_p90,readback_cpu_keyed,2,32,656.237
32768,8,topk40_p90,metal_legacy,2,32,630.529
32768,8,topk40_p90,metal_compact,2,32,794.956
32768,8,topk40_p90,metal_queued,2,32,308.837
32768,8,topk40_p90,cpu_legacy,2,32,382.160
32768,8,topk40_p90,cpu_keyed,2,32,398.034
KEYED_CPU_METAL_DIFFERENCES vocab=32768 batch=8 filter=topk40_p90 repeat=2 differing=0 total=256
32768,8,topk40_p90,readback_cpu_keyed,3,32,713.553
32768,8,topk40_p90,metal_legacy,3,32,640.849
32768,8,topk40_p90,metal_compact,3,32,819.712
32768,8,topk40_p90,metal_queued,3,32,305.294
32768,8,topk40_p90,cpu_legacy,3,32,373.232
32768,8,topk40_p90,cpu_keyed,3,32,412.069
32768,8,topk40_p90,readback_cpu_legacy,3,32,681.561
KEYED_CPU_METAL_DIFFERENCES vocab=32768 batch=8 filter=topk40_p90 repeat=3 differing=0 total=256
32768,8,topk40_p90,metal_legacy,4,32,657.902
32768,8,topk40_p90,metal_compact,4,32,852.954
32768,8,topk40_p90,metal_queued,4,32,310.605
32768,8,topk40_p90,cpu_legacy,4,32,351.857
32768,8,topk40_p90,cpu_keyed,4,32,368.977
32768,8,topk40_p90,readback_cpu_legacy,4,32,651.824
32768,8,topk40_p90,readback_cpu_keyed,4,32,666.743
KEYED_CPU_METAL_DIFFERENCES vocab=32768 batch=8 filter=topk40_p90 repeat=4 differing=0 total=256
131072,1,greedy,cpu_legacy,0,32,426.987
131072,1,greedy,cpu_keyed,0,32,420.656
131072,1,greedy,readback_cpu_legacy,0,32,666.382
131072,1,greedy,readback_cpu_keyed,0,32,663.651
131072,1,greedy,metal_legacy,0,32,653.648
131072,1,greedy,metal_compact,0,32,235.725
131072,1,greedy,metal_queued,0,32,19.832
KEYED_CPU_METAL_DIFFERENCES vocab=131072 batch=1 filter=greedy repeat=0 differing=0 total=32
131072,1,greedy,cpu_keyed,1,32,416.846
131072,1,greedy,readback_cpu_legacy,1,32,645.378
131072,1,greedy,readback_cpu_keyed,1,32,649.738
131072,1,greedy,metal_legacy,1,32,649.270
131072,1,greedy,metal_compact,1,32,233.540
131072,1,greedy,metal_queued,1,32,21.549
131072,1,greedy,cpu_legacy,1,32,425.185
KEYED_CPU_METAL_DIFFERENCES vocab=131072 batch=1 filter=greedy repeat=1 differing=0 total=32
131072,1,greedy,readback_cpu_legacy,2,32,665.066
131072,1,greedy,readback_cpu_keyed,2,32,648.979
131072,1,greedy,metal_legacy,2,32,651.796
131072,1,greedy,metal_compact,2,32,230.039
131072,1,greedy,metal_queued,2,32,19.634
131072,1,greedy,cpu_legacy,2,32,416.337
131072,1,greedy,cpu_keyed,2,32,419.892
KEYED_CPU_METAL_DIFFERENCES vocab=131072 batch=1 filter=greedy repeat=2 differing=0 total=32
131072,1,greedy,readback_cpu_keyed,3,32,650.172
131072,1,greedy,metal_legacy,3,32,672.815
131072,1,greedy,metal_compact,3,32,215.932
131072,1,greedy,metal_queued,3,32,22.141
131072,1,greedy,cpu_legacy,3,32,420.040
131072,1,greedy,cpu_keyed,3,32,418.273
131072,1,greedy,readback_cpu_legacy,3,32,631.095
KEYED_CPU_METAL_DIFFERENCES vocab=131072 batch=1 filter=greedy repeat=3 differing=0 total=32
131072,1,greedy,metal_legacy,4,32,641.130
131072,1,greedy,metal_compact,4,32,223.034
131072,1,greedy,metal_queued,4,32,19.777
131072,1,greedy,cpu_legacy,4,32,417.741
131072,1,greedy,cpu_keyed,4,32,416.724
131072,1,greedy,readback_cpu_legacy,4,32,628.568
131072,1,greedy,readback_cpu_keyed,4,32,653.230
KEYED_CPU_METAL_DIFFERENCES vocab=131072 batch=1 filter=greedy repeat=4 differing=0 total=32
131072,1,top1,cpu_legacy,0,32,715.285
131072,1,top1,cpu_keyed,0,32,822.189
131072,1,top1,readback_cpu_legacy,0,32,1334.357
131072,1,top1,readback_cpu_keyed,0,32,1443.913
131072,1,top1,metal_legacy,0,32,250.660
131072,1,top1,metal_compact,0,32,217.648
131072,1,top1,metal_queued,0,32,19.616
KEYED_CPU_METAL_DIFFERENCES vocab=131072 batch=1 filter=top1 repeat=0 differing=0 total=32
131072,1,top1,cpu_keyed,1,32,812.023
131072,1,top1,readback_cpu_legacy,1,32,1397.618
131072,1,top1,readback_cpu_keyed,1,32,1442.277
131072,1,top1,metal_legacy,1,32,242.969
131072,1,top1,metal_compact,1,32,221.736
131072,1,top1,metal_queued,1,32,19.865
131072,1,top1,cpu_legacy,1,32,727.185
KEYED_CPU_METAL_DIFFERENCES vocab=131072 batch=1 filter=top1 repeat=1 differing=0 total=32
131072,1,top1,readback_cpu_legacy,2,32,1421.039
131072,1,top1,readback_cpu_keyed,2,32,1453.960
131072,1,top1,metal_legacy,2,32,257.802
131072,1,top1,metal_compact,2,32,218.020
131072,1,top1,metal_queued,2,32,19.790
131072,1,top1,cpu_legacy,2,32,718.066
131072,1,top1,cpu_keyed,2,32,817.112
KEYED_CPU_METAL_DIFFERENCES vocab=131072 batch=1 filter=top1 repeat=2 differing=0 total=32
131072,1,top1,readback_cpu_keyed,3,32,1323.052
131072,1,top1,metal_legacy,3,32,250.500
131072,1,top1,metal_compact,3,32,208.241
131072,1,top1,metal_queued,3,32,19.398
131072,1,top1,cpu_legacy,3,32,718.378
131072,1,top1,cpu_keyed,3,32,815.357
131072,1,top1,readback_cpu_legacy,3,32,1267.611
KEYED_CPU_METAL_DIFFERENCES vocab=131072 batch=1 filter=top1 repeat=3 differing=0 total=32
131072,1,top1,metal_legacy,4,32,244.111
131072,1,top1,metal_compact,4,32,208.150
131072,1,top1,metal_queued,4,32,19.809
131072,1,top1,cpu_legacy,4,32,727.328
131072,1,top1,cpu_keyed,4,32,823.254
131072,1,top1,readback_cpu_legacy,4,32,1262.699
131072,1,top1,readback_cpu_keyed,4,32,1432.749
KEYED_CPU_METAL_DIFFERENCES vocab=131072 batch=1 filter=top1 repeat=4 differing=0 total=32
131072,1,categorical,cpu_legacy,0,32,429.971
131072,1,categorical,cpu_keyed,0,32,613.130
131072,1,categorical,readback_cpu_legacy,0,32,698.573
131072,1,categorical,readback_cpu_keyed,0,32,880.444
131072,1,categorical,metal_legacy,0,32,655.882
131072,1,categorical,metal_compact,0,32,252.693
131072,1,categorical,metal_queued,0,32,47.167
KEYED_CPU_METAL_DIFFERENCES vocab=131072 batch=1 filter=categorical repeat=0 differing=11 total=32
131072,1,categorical,cpu_keyed,1,32,616.875
131072,1,categorical,readback_cpu_legacy,1,32,653.341
131072,1,categorical,readback_cpu_keyed,1,32,866.870
131072,1,categorical,metal_legacy,1,32,653.560
131072,1,categorical,metal_compact,1,32,262.010
131072,1,categorical,metal_queued,1,32,41.369
131072,1,categorical,cpu_legacy,1,32,430.129
KEYED_CPU_METAL_DIFFERENCES vocab=131072 batch=1 filter=categorical repeat=1 differing=11 total=32
131072,1,categorical,readback_cpu_legacy,2,32,650.674
131072,1,categorical,readback_cpu_keyed,2,32,847.917
131072,1,categorical,metal_legacy,2,32,652.010
131072,1,categorical,metal_compact,2,32,265.673
131072,1,categorical,metal_queued,2,32,50.982
131072,1,categorical,cpu_legacy,2,32,432.772
131072,1,categorical,cpu_keyed,2,32,621.204
KEYED_CPU_METAL_DIFFERENCES vocab=131072 batch=1 filter=categorical repeat=2 differing=11 total=32
131072,1,categorical,readback_cpu_keyed,3,32,896.345
131072,1,categorical,metal_legacy,3,32,654.298
131072,1,categorical,metal_compact,3,32,263.402
131072,1,categorical,metal_queued,3,32,41.344
131072,1,categorical,cpu_legacy,3,32,433.755
131072,1,categorical,cpu_keyed,3,32,613.111
131072,1,categorical,readback_cpu_legacy,3,32,662.095
KEYED_CPU_METAL_DIFFERENCES vocab=131072 batch=1 filter=categorical repeat=3 differing=11 total=32
131072,1,categorical,metal_legacy,4,32,660.103
131072,1,categorical,metal_compact,4,32,281.483
131072,1,categorical,metal_queued,4,32,48.893
131072,1,categorical,cpu_legacy,4,32,430.495
131072,1,categorical,cpu_keyed,4,32,614.509
131072,1,categorical,readback_cpu_legacy,4,32,685.750
131072,1,categorical,readback_cpu_keyed,4,32,876.892
KEYED_CPU_METAL_DIFFERENCES vocab=131072 batch=1 filter=categorical repeat=4 differing=11 total=32
131072,1,topk40_p90,cpu_legacy,0,32,890.911
131072,1,topk40_p90,cpu_keyed,0,32,1002.905
131072,1,topk40_p90,readback_cpu_legacy,0,32,1460.762
131072,1,topk40_p90,readback_cpu_keyed,0,32,1626.477
131072,1,topk40_p90,metal_legacy,0,32,405.495
131072,1,topk40_p90,metal_compact,0,32,555.909
131072,1,topk40_p90,metal_queued,0,32,203.837
KEYED_CPU_METAL_DIFFERENCES vocab=131072 batch=1 filter=topk40_p90 repeat=0 differing=0 total=32
131072,1,topk40_p90,cpu_keyed,1,32,998.210
131072,1,topk40_p90,readback_cpu_legacy,1,32,1502.381
131072,1,topk40_p90,readback_cpu_keyed,1,32,1611.906
131072,1,topk40_p90,metal_legacy,1,32,403.673
131072,1,topk40_p90,metal_compact,1,32,546.500
131072,1,topk40_p90,metal_queued,1,32,204.841
131072,1,topk40_p90,cpu_legacy,1,32,888.113
KEYED_CPU_METAL_DIFFERENCES vocab=131072 batch=1 filter=topk40_p90 repeat=1 differing=0 total=32
131072,1,topk40_p90,readback_cpu_legacy,2,32,1533.480
131072,1,topk40_p90,readback_cpu_keyed,2,32,1621.809
131072,1,topk40_p90,metal_legacy,2,32,389.674
131072,1,topk40_p90,metal_compact,2,32,539.888
131072,1,topk40_p90,metal_queued,2,32,203.809
131072,1,topk40_p90,cpu_legacy,2,32,883.198
131072,1,topk40_p90,cpu_keyed,2,32,987.063
KEYED_CPU_METAL_DIFFERENCES vocab=131072 batch=1 filter=topk40_p90 repeat=2 differing=0 total=32
131072,1,topk40_p90,readback_cpu_keyed,3,32,1555.047
131072,1,topk40_p90,metal_legacy,3,32,404.594
131072,1,topk40_p90,metal_compact,3,32,533.763
131072,1,topk40_p90,metal_queued,3,32,203.479
131072,1,topk40_p90,cpu_legacy,3,32,885.970
131072,1,topk40_p90,cpu_keyed,3,32,982.199
131072,1,topk40_p90,readback_cpu_legacy,3,32,1434.363
KEYED_CPU_METAL_DIFFERENCES vocab=131072 batch=1 filter=topk40_p90 repeat=3 differing=0 total=32
131072,1,topk40_p90,metal_legacy,4,32,396.457
131072,1,topk40_p90,metal_compact,4,32,546.695
131072,1,topk40_p90,metal_queued,4,32,205.745
131072,1,topk40_p90,cpu_legacy,4,32,956.466
131072,1,topk40_p90,cpu_keyed,4,32,1056.388
131072,1,topk40_p90,readback_cpu_legacy,4,32,1522.986
131072,1,topk40_p90,readback_cpu_keyed,4,32,1629.607
KEYED_CPU_METAL_DIFFERENCES vocab=131072 batch=1 filter=topk40_p90 repeat=4 differing=0 total=32
131072,8,greedy,cpu_legacy,0,32,576.428
131072,8,greedy,cpu_keyed,0,32,561.898
131072,8,greedy,readback_cpu_legacy,0,32,1373.318
131072,8,greedy,readback_cpu_keyed,0,32,1412.960
131072,8,greedy,metal_legacy,0,32,1338.160
131072,8,greedy,metal_compact,0,32,533.290
131072,8,greedy,metal_queued,0,32,107.766
KEYED_CPU_METAL_DIFFERENCES vocab=131072 batch=8 filter=greedy repeat=0 differing=0 total=256
131072,8,greedy,cpu_keyed,1,32,543.796
131072,8,greedy,readback_cpu_legacy,1,32,1359.631
131072,8,greedy,readback_cpu_keyed,1,32,1335.565
131072,8,greedy,metal_legacy,1,32,1363.359
131072,8,greedy,metal_compact,1,32,526.044
131072,8,greedy,metal_queued,1,32,106.945
131072,8,greedy,cpu_legacy,1,32,562.327
KEYED_CPU_METAL_DIFFERENCES vocab=131072 batch=8 filter=greedy repeat=1 differing=0 total=256
131072,8,greedy,readback_cpu_legacy,2,32,1405.776
131072,8,greedy,readback_cpu_keyed,2,32,1387.306
131072,8,greedy,metal_legacy,2,32,1408.445
131072,8,greedy,metal_compact,2,32,542.439
131072,8,greedy,metal_queued,2,32,105.939
131072,8,greedy,cpu_legacy,2,32,565.598
131072,8,greedy,cpu_keyed,2,32,559.490
KEYED_CPU_METAL_DIFFERENCES vocab=131072 batch=8 filter=greedy repeat=2 differing=0 total=256
131072,8,greedy,readback_cpu_keyed,3,32,1350.358
131072,8,greedy,metal_legacy,3,32,1463.755
131072,8,greedy,metal_compact,3,32,561.908
131072,8,greedy,metal_queued,3,32,106.085
131072,8,greedy,cpu_legacy,3,32,562.396
131072,8,greedy,cpu_keyed,3,32,566.202
131072,8,greedy,readback_cpu_legacy,3,32,1318.324
KEYED_CPU_METAL_DIFFERENCES vocab=131072 batch=8 filter=greedy repeat=3 differing=0 total=256
131072,8,greedy,metal_legacy,4,32,1370.070
131072,8,greedy,metal_compact,4,32,542.151
131072,8,greedy,metal_queued,4,32,107.878
131072,8,greedy,cpu_legacy,4,32,557.699
131072,8,greedy,cpu_keyed,4,32,555.966
131072,8,greedy,readback_cpu_legacy,4,32,1325.533
131072,8,greedy,readback_cpu_keyed,4,32,1355.716
KEYED_CPU_METAL_DIFFERENCES vocab=131072 batch=8 filter=greedy repeat=4 differing=0 total=256
131072,8,top1,cpu_legacy,0,32,945.039
131072,8,top1,cpu_keyed,0,32,1081.717
131072,8,top1,readback_cpu_legacy,0,32,1692.130
131072,8,top1,readback_cpu_keyed,0,32,1843.753
131072,8,top1,metal_legacy,0,32,1762.796
131072,8,top1,metal_compact,0,32,528.518
131072,8,top1,metal_queued,0,32,105.924
KEYED_CPU_METAL_DIFFERENCES vocab=131072 batch=8 filter=top1 repeat=0 differing=0 total=256
131072,8,top1,cpu_keyed,1,32,1061.073
131072,8,top1,readback_cpu_legacy,1,32,1726.932
131072,8,top1,readback_cpu_keyed,1,32,1832.163
131072,8,top1,metal_legacy,1,32,1782.509
131072,8,top1,metal_compact,1,32,540.698
131072,8,top1,metal_queued,1,32,106.113
131072,8,top1,cpu_legacy,1,32,984.089
KEYED_CPU_METAL_DIFFERENCES vocab=131072 batch=8 filter=top1 repeat=1 differing=0 total=256
131072,8,top1,readback_cpu_legacy,2,32,1712.602
131072,8,top1,readback_cpu_keyed,2,32,1825.539
131072,8,top1,metal_legacy,2,32,1760.777
131072,8,top1,metal_compact,2,32,568.902
131072,8,top1,metal_queued,2,32,109.659
131072,8,top1,cpu_legacy,2,32,1062.333
131072,8,top1,cpu_keyed,2,32,1133.736
KEYED_CPU_METAL_DIFFERENCES vocab=131072 batch=8 filter=top1 repeat=2 differing=0 total=256
131072,8,top1,readback_cpu_keyed,3,32,1777.034
131072,8,top1,metal_legacy,3,32,1768.744
131072,8,top1,metal_compact,3,32,570.956
131072,8,top1,metal_queued,3,32,105.842
131072,8,top1,cpu_legacy,3,32,951.974
131072,8,top1,cpu_keyed,3,32,1025.053
131072,8,top1,readback_cpu_legacy,3,32,1716.414
KEYED_CPU_METAL_DIFFERENCES vocab=131072 batch=8 filter=top1 repeat=3 differing=0 total=256
131072,8,top1,metal_legacy,4,32,1864.302
131072,8,top1,metal_compact,4,32,514.310
131072,8,top1,metal_queued,4,32,107.947
131072,8,top1,cpu_legacy,4,32,1249.551
131072,8,top1,cpu_keyed,4,32,1329.220
131072,8,top1,readback_cpu_legacy,4,32,2203.366
131072,8,top1,readback_cpu_keyed,4,32,2576.326
KEYED_CPU_METAL_DIFFERENCES vocab=131072 batch=8 filter=top1 repeat=4 differing=0 total=256
131072,8,categorical,cpu_legacy,0,32,702.891
131072,8,categorical,cpu_keyed,0,32,1118.655
131072,8,categorical,readback_cpu_legacy,0,32,1510.915
131072,8,categorical,readback_cpu_keyed,0,32,1803.881
131072,8,categorical,metal_legacy,0,32,1572.307
131072,8,categorical,metal_compact,0,32,507.284
131072,8,categorical,metal_queued,0,32,125.116
KEYED_CPU_METAL_DIFFERENCES vocab=131072 batch=8 filter=categorical repeat=0 differing=72 total=256
131072,8,categorical,cpu_keyed,1,32,1036.681
131072,8,categorical,readback_cpu_legacy,1,32,1552.905
131072,8,categorical,readback_cpu_keyed,1,32,1812.983
131072,8,categorical,metal_legacy,1,32,1755.970
131072,8,categorical,metal_compact,1,32,574.951
131072,8,categorical,metal_queued,1,32,123.465
131072,8,categorical,cpu_legacy,1,32,601.327
KEYED_CPU_METAL_DIFFERENCES vocab=131072 batch=8 filter=categorical repeat=1 differing=72 total=256
131072,8,categorical,readback_cpu_legacy,2,32,1427.641
131072,8,categorical,readback_cpu_keyed,2,32,1634.266
131072,8,categorical,metal_legacy,2,32,1462.919
131072,8,categorical,metal_compact,2,32,551.841
131072,8,categorical,metal_queued,2,32,125.850
131072,8,categorical,cpu_legacy,2,32,557.602
131072,8,categorical,cpu_keyed,2,32,792.693
KEYED_CPU_METAL_DIFFERENCES vocab=131072 batch=8 filter=categorical repeat=2 differing=72 total=256
131072,8,categorical,readback_cpu_keyed,3,32,1800.009
131072,8,categorical,metal_legacy,3,32,1836.486
131072,8,categorical,metal_compact,3,32,517.176
131072,8,categorical,metal_queued,3,32,122.169
131072,8,categorical,cpu_legacy,3,32,660.336
131072,8,categorical,cpu_keyed,3,32,862.310
131072,8,categorical,readback_cpu_legacy,3,32,1397.790
KEYED_CPU_METAL_DIFFERENCES vocab=131072 batch=8 filter=categorical repeat=3 differing=72 total=256
131072,8,categorical,metal_legacy,4,32,1469.345
131072,8,categorical,metal_compact,4,32,539.010
131072,8,categorical,metal_queued,4,32,119.026
131072,8,categorical,cpu_legacy,4,32,655.543
131072,8,categorical,cpu_keyed,4,32,887.355
131072,8,categorical,readback_cpu_legacy,4,32,1388.198
131072,8,categorical,readback_cpu_keyed,4,32,1659.984
KEYED_CPU_METAL_DIFFERENCES vocab=131072 batch=8 filter=categorical repeat=4 differing=72 total=256
131072,8,topk40_p90,cpu_legacy,0,32,1283.628
131072,8,topk40_p90,cpu_keyed,0,32,1266.122
131072,8,topk40_p90,readback_cpu_legacy,0,32,1898.154
131072,8,topk40_p90,readback_cpu_keyed,0,32,2085.956
131072,8,topk40_p90,metal_legacy,0,32,2072.297
131072,8,topk40_p90,metal_compact,0,32,1671.581
131072,8,topk40_p90,metal_queued,0,32,876.475
KEYED_CPU_METAL_DIFFERENCES vocab=131072 batch=8 filter=topk40_p90 repeat=0 differing=0 total=256
131072,8,topk40_p90,cpu_keyed,1,32,1230.039
131072,8,topk40_p90,readback_cpu_legacy,1,32,1998.167
131072,8,topk40_p90,readback_cpu_keyed,1,32,2018.779
131072,8,topk40_p90,metal_legacy,1,32,1977.941
131072,8,topk40_p90,metal_compact,1,32,1693.082
131072,8,topk40_p90,metal_queued,1,32,860.902
131072,8,topk40_p90,cpu_legacy,1,32,1129.814
KEYED_CPU_METAL_DIFFERENCES vocab=131072 batch=8 filter=topk40_p90 repeat=1 differing=0 total=256
131072,8,topk40_p90,readback_cpu_legacy,2,32,1985.307
131072,8,topk40_p90,readback_cpu_keyed,2,32,2039.987
131072,8,topk40_p90,metal_legacy,2,32,2046.044
131072,8,topk40_p90,metal_compact,2,32,1722.424
131072,8,topk40_p90,metal_queued,2,32,872.417
131072,8,topk40_p90,cpu_legacy,2,32,1149.061
131072,8,topk40_p90,cpu_keyed,2,32,1221.440
KEYED_CPU_METAL_DIFFERENCES vocab=131072 batch=8 filter=topk40_p90 repeat=2 differing=0 total=256
131072,8,topk40_p90,readback_cpu_keyed,3,32,2044.005
131072,8,topk40_p90,metal_legacy,3,32,1955.845
131072,8,topk40_p90,metal_compact,3,32,1722.366
131072,8,topk40_p90,metal_queued,3,32,885.251
131072,8,topk40_p90,cpu_legacy,3,32,1152.967
131072,8,topk40_p90,cpu_keyed,3,32,1222.525
131072,8,topk40_p90,readback_cpu_legacy,3,32,1976.965
KEYED_CPU_METAL_DIFFERENCES vocab=131072 batch=8 filter=topk40_p90 repeat=3 differing=0 total=256
131072,8,topk40_p90,metal_legacy,4,32,1969.178
131072,8,topk40_p90,metal_compact,4,32,1673.598
131072,8,topk40_p90,metal_queued,4,32,861.897
131072,8,topk40_p90,cpu_legacy,4,32,1158.189
131072,8,topk40_p90,cpu_keyed,4,32,1210.909
131072,8,topk40_p90,readback_cpu_legacy,4,32,1988.910
131072,8,topk40_p90,readback_cpu_keyed,4,32,2019.551
KEYED_CPU_METAL_DIFFERENCES vocab=131072 batch=8 filter=topk40_p90 repeat=4 differing=0 total=256
ok

test result: ok. 1 passed; 0 failed; 0 ignored; 0 measured; 1427 filtered out; finished in 12.69s
