
running 1 test
test sampler::keyed_bench::benchmark_keyed_sampling ... vocab,batch,filter,mode,repeat,steps,us_per_batch_step
32768,1,greedy,cpu_legacy,0,32,107.233
32768,1,greedy,cpu_keyed,0,32,108.694
32768,1,greedy,readback_cpu_legacy,0,32,344.487
32768,1,greedy,readback_cpu_keyed,0,32,352.883
32768,1,greedy,metal_legacy,0,32,371.369
32768,1,greedy,metal_compact,0,32,352.152
32768,1,greedy,metal_queued,0,32,152.865
KEYED_CPU_METAL_DIFFERENCES vocab=32768 batch=1 filter=greedy repeat=0 differing=0 total=32
32768,1,greedy,cpu_keyed,1,32,115.583
32768,1,greedy,readback_cpu_legacy,1,32,393.280
32768,1,greedy,readback_cpu_keyed,1,32,377.743
32768,1,greedy,metal_legacy,1,32,381.879
32768,1,greedy,metal_compact,1,32,387.161
32768,1,greedy,metal_queued,1,32,45.007
32768,1,greedy,cpu_legacy,1,32,116.708
KEYED_CPU_METAL_DIFFERENCES vocab=32768 batch=1 filter=greedy repeat=1 differing=0 total=32
32768,1,greedy,readback_cpu_legacy,2,32,319.664
32768,1,greedy,readback_cpu_keyed,2,32,357.099
32768,1,greedy,metal_legacy,2,32,316.234
32768,1,greedy,metal_compact,2,32,326.181
32768,1,greedy,metal_queued,2,32,41.026
32768,1,greedy,cpu_legacy,2,32,113.008
32768,1,greedy,cpu_keyed,2,32,114.622
KEYED_CPU_METAL_DIFFERENCES vocab=32768 batch=1 filter=greedy repeat=2 differing=0 total=32
32768,1,greedy,readback_cpu_keyed,3,32,300.915
32768,1,greedy,metal_legacy,3,32,356.145
32768,1,greedy,metal_compact,3,32,286.035
32768,1,greedy,metal_queued,3,32,47.315
32768,1,greedy,cpu_legacy,3,32,108.557
32768,1,greedy,cpu_keyed,3,32,109.749
32768,1,greedy,readback_cpu_legacy,3,32,331.783
KEYED_CPU_METAL_DIFFERENCES vocab=32768 batch=1 filter=greedy repeat=3 differing=0 total=32
32768,1,greedy,metal_legacy,4,32,323.322
32768,1,greedy,metal_compact,4,32,275.286
32768,1,greedy,metal_queued,4,32,32.253
32768,1,greedy,cpu_legacy,4,32,108.790
32768,1,greedy,cpu_keyed,4,32,112.487
32768,1,greedy,readback_cpu_legacy,4,32,288.996
32768,1,greedy,readback_cpu_keyed,4,32,337.598
KEYED_CPU_METAL_DIFFERENCES vocab=32768 batch=1 filter=greedy repeat=4 differing=0 total=32
32768,1,top1,cpu_legacy,0,32,191.462
32768,1,top1,cpu_keyed,0,32,218.000
32768,1,top1,readback_cpu_legacy,0,32,462.055
32768,1,top1,readback_cpu_keyed,0,32,478.921
32768,1,top1,metal_legacy,0,32,266.484
32768,1,top1,metal_compact,0,32,313.962
32768,1,top1,metal_queued,0,32,34.987
KEYED_CPU_METAL_DIFFERENCES vocab=32768 batch=1 filter=top1 repeat=0 differing=0 total=32
32768,1,top1,cpu_keyed,1,32,226.188
32768,1,top1,readback_cpu_legacy,1,32,389.898
32768,1,top1,readback_cpu_keyed,1,32,415.695
32768,1,top1,metal_legacy,1,32,241.609
32768,1,top1,metal_compact,1,32,298.483
32768,1,top1,metal_queued,1,32,33.215
32768,1,top1,cpu_legacy,1,32,193.983
KEYED_CPU_METAL_DIFFERENCES vocab=32768 batch=1 filter=top1 repeat=1 differing=0 total=32
32768,1,top1,readback_cpu_legacy,2,32,387.784
32768,1,top1,readback_cpu_keyed,2,32,415.055
32768,1,top1,metal_legacy,2,32,265.486
32768,1,top1,metal_compact,2,32,283.944
32768,1,top1,metal_queued,2,32,32.629
32768,1,top1,cpu_legacy,2,32,193.913
32768,1,top1,cpu_keyed,2,32,221.754
KEYED_CPU_METAL_DIFFERENCES vocab=32768 batch=1 filter=top1 repeat=2 differing=0 total=32
32768,1,top1,readback_cpu_keyed,3,32,424.467
32768,1,top1,metal_legacy,3,32,251.743
32768,1,top1,metal_compact,3,32,291.776
32768,1,top1,metal_queued,3,32,32.185
32768,1,top1,cpu_legacy,3,32,194.244
32768,1,top1,cpu_keyed,3,32,222.634
32768,1,top1,readback_cpu_legacy,3,32,393.309
KEYED_CPU_METAL_DIFFERENCES vocab=32768 batch=1 filter=top1 repeat=3 differing=0 total=32
32768,1,top1,metal_legacy,4,32,256.036
32768,1,top1,metal_compact,4,32,273.272
32768,1,top1,metal_queued,4,32,34.057
32768,1,top1,cpu_legacy,4,32,193.777
32768,1,top1,cpu_keyed,4,32,215.570
32768,1,top1,readback_cpu_legacy,4,32,400.374
32768,1,top1,readback_cpu_keyed,4,32,439.930
KEYED_CPU_METAL_DIFFERENCES vocab=32768 batch=1 filter=top1 repeat=4 differing=0 total=32
32768,1,categorical,cpu_legacy,0,32,111.587
32768,1,categorical,cpu_keyed,0,32,161.905
32768,1,categorical,readback_cpu_legacy,0,32,289.078
32768,1,categorical,readback_cpu_keyed,0,32,363.457
32768,1,categorical,metal_legacy,0,32,316.254
32768,1,categorical,metal_compact,0,32,279.650
32768,1,categorical,metal_queued,0,32,43.314
KEYED_CPU_METAL_DIFFERENCES vocab=32768 batch=1 filter=categorical repeat=0 differing=1 total=32
32768,1,categorical,cpu_keyed,1,32,158.072
32768,1,categorical,readback_cpu_legacy,1,32,291.331
32768,1,categorical,readback_cpu_keyed,1,32,386.590
32768,1,categorical,metal_legacy,1,32,295.559
32768,1,categorical,metal_compact,1,32,302.651
32768,1,categorical,metal_queued,1,32,44.980
32768,1,categorical,cpu_legacy,1,32,114.452
KEYED_CPU_METAL_DIFFERENCES vocab=32768 batch=1 filter=categorical repeat=1 differing=1 total=32
32768,1,categorical,readback_cpu_legacy,2,32,308.051
32768,1,categorical,readback_cpu_keyed,2,32,379.374
32768,1,categorical,metal_legacy,2,32,308.167
32768,1,categorical,metal_compact,2,32,276.953
32768,1,categorical,metal_queued,2,32,42.658
32768,1,categorical,cpu_legacy,2,32,113.901
32768,1,categorical,cpu_keyed,2,32,165.556
KEYED_CPU_METAL_DIFFERENCES vocab=32768 batch=1 filter=categorical repeat=2 differing=1 total=32
32768,1,categorical,readback_cpu_keyed,3,32,372.680
32768,1,categorical,metal_legacy,3,32,312.005
32768,1,categorical,metal_compact,3,32,322.374
32768,1,categorical,metal_queued,3,32,59.770
32768,1,categorical,cpu_legacy,3,32,113.111
32768,1,categorical,cpu_keyed,3,32,161.939
32768,1,categorical,readback_cpu_legacy,3,32,309.993
KEYED_CPU_METAL_DIFFERENCES vocab=32768 batch=1 filter=categorical repeat=3 differing=1 total=32
32768,1,categorical,metal_legacy,4,32,294.116
32768,1,categorical,metal_compact,4,32,280.320
32768,1,categorical,metal_queued,4,32,46.124
32768,1,categorical,cpu_legacy,4,32,113.048
32768,1,categorical,cpu_keyed,4,32,160.496
32768,1,categorical,readback_cpu_legacy,4,32,331.079
32768,1,categorical,readback_cpu_keyed,4,32,350.064
KEYED_CPU_METAL_DIFFERENCES vocab=32768 batch=1 filter=categorical repeat=4 differing=1 total=32
32768,1,topk40_p90,cpu_legacy,0,32,229.956
32768,1,topk40_p90,cpu_keyed,0,32,257.464
32768,1,topk40_p90,readback_cpu_legacy,0,32,418.193
32768,1,topk40_p90,readback_cpu_keyed,0,32,446.956
32768,1,topk40_p90,metal_legacy,0,32,405.771
32768,1,topk40_p90,metal_compact,0,32,510.198
32768,1,topk40_p90,metal_queued,0,32,109.520
KEYED_CPU_METAL_DIFFERENCES vocab=32768 batch=1 filter=topk40_p90 repeat=0 differing=0 total=32
32768,1,topk40_p90,cpu_keyed,1,32,261.146
32768,1,topk40_p90,readback_cpu_legacy,1,32,414.710
32768,1,topk40_p90,readback_cpu_keyed,1,32,467.964
32768,1,topk40_p90,metal_legacy,1,32,346.608
32768,1,topk40_p90,metal_compact,1,32,469.792
32768,1,topk40_p90,metal_queued,1,32,119.694
32768,1,topk40_p90,cpu_legacy,1,32,231.090
KEYED_CPU_METAL_DIFFERENCES vocab=32768 batch=1 filter=topk40_p90 repeat=1 differing=0 total=32
32768,1,topk40_p90,readback_cpu_legacy,2,32,447.316
32768,1,topk40_p90,readback_cpu_keyed,2,32,482.587
32768,1,topk40_p90,metal_legacy,2,32,370.908
32768,1,topk40_p90,metal_compact,2,32,441.740
32768,1,topk40_p90,metal_queued,2,32,142.471
32768,1,topk40_p90,cpu_legacy,2,32,229.090
32768,1,topk40_p90,cpu_keyed,2,32,253.893
KEYED_CPU_METAL_DIFFERENCES vocab=32768 batch=1 filter=topk40_p90 repeat=2 differing=0 total=32
32768,1,topk40_p90,readback_cpu_keyed,3,32,467.682
32768,1,topk40_p90,metal_legacy,3,32,373.302
32768,1,topk40_p90,metal_compact,3,32,457.344
32768,1,topk40_p90,metal_queued,3,32,167.081
32768,1,topk40_p90,cpu_legacy,3,32,229.490
32768,1,topk40_p90,cpu_keyed,3,32,253.733
32768,1,topk40_p90,readback_cpu_legacy,3,32,439.723
KEYED_CPU_METAL_DIFFERENCES vocab=32768 batch=1 filter=topk40_p90 repeat=3 differing=0 total=32
32768,1,topk40_p90,metal_legacy,4,32,380.270
32768,1,topk40_p90,metal_compact,4,32,429.507
32768,1,topk40_p90,metal_queued,4,32,163.242
32768,1,topk40_p90,cpu_legacy,4,32,229.078
32768,1,topk40_p90,cpu_keyed,4,32,255.984
32768,1,topk40_p90,readback_cpu_legacy,4,32,457.615
32768,1,topk40_p90,readback_cpu_keyed,4,32,482.432
KEYED_CPU_METAL_DIFFERENCES vocab=32768 batch=1 filter=topk40_p90 repeat=4 differing=0 total=32
32768,8,greedy,cpu_legacy,0,32,243.085
32768,8,greedy,cpu_keyed,0,32,231.616
32768,8,greedy,readback_cpu_legacy,0,32,536.421
32768,8,greedy,readback_cpu_keyed,0,32,540.799
32768,8,greedy,metal_legacy,0,32,505.194
32768,8,greedy,metal_compact,0,32,516.105
32768,8,greedy,metal_queued,0,32,96.852
KEYED_CPU_METAL_DIFFERENCES vocab=32768 batch=8 filter=greedy repeat=0 differing=0 total=256
32768,8,greedy,cpu_keyed,1,32,223.990
32768,8,greedy,readback_cpu_legacy,1,32,511.309
32768,8,greedy,readback_cpu_keyed,1,32,484.587
32768,8,greedy,metal_legacy,1,32,500.172
32768,8,greedy,metal_compact,1,32,536.746
32768,8,greedy,metal_queued,1,32,144.889
32768,8,greedy,cpu_legacy,1,32,221.488
KEYED_CPU_METAL_DIFFERENCES vocab=32768 batch=8 filter=greedy repeat=1 differing=0 total=256
32768,8,greedy,readback_cpu_legacy,2,32,503.154
32768,8,greedy,readback_cpu_keyed,2,32,502.699
32768,8,greedy,metal_legacy,2,32,503.940
32768,8,greedy,metal_compact,2,32,514.290
32768,8,greedy,metal_queued,2,32,105.888
32768,8,greedy,cpu_legacy,2,32,238.796
32768,8,greedy,cpu_keyed,2,32,230.487
KEYED_CPU_METAL_DIFFERENCES vocab=32768 batch=8 filter=greedy repeat=2 differing=0 total=256
32768,8,greedy,readback_cpu_keyed,3,32,528.837
32768,8,greedy,metal_legacy,3,32,545.168
32768,8,greedy,metal_compact,3,32,507.443
32768,8,greedy,metal_queued,3,32,98.960
32768,8,greedy,cpu_legacy,3,32,220.323
32768,8,greedy,cpu_keyed,3,32,251.651
32768,8,greedy,readback_cpu_legacy,3,32,517.651
KEYED_CPU_METAL_DIFFERENCES vocab=32768 batch=8 filter=greedy repeat=3 differing=0 total=256
32768,8,greedy,metal_legacy,4,32,479.283
32768,8,greedy,metal_compact,4,32,516.438
32768,8,greedy,metal_queued,4,32,137.326
32768,8,greedy,cpu_legacy,4,32,324.884
32768,8,greedy,cpu_keyed,4,32,278.664
32768,8,greedy,readback_cpu_legacy,4,32,544.086
32768,8,greedy,readback_cpu_keyed,4,32,520.098
KEYED_CPU_METAL_DIFFERENCES vocab=32768 batch=8 filter=greedy repeat=4 differing=0 total=256
32768,8,top1,cpu_legacy,0,32,368.142
32768,8,top1,cpu_keyed,0,32,345.122
32768,8,top1,readback_cpu_legacy,0,32,710.730
32768,8,top1,readback_cpu_keyed,0,32,669.742
32768,8,top1,metal_legacy,0,32,679.392
32768,8,top1,metal_compact,0,32,521.789
32768,8,top1,metal_queued,0,32,123.617
KEYED_CPU_METAL_DIFFERENCES vocab=32768 batch=8 filter=top1 repeat=0 differing=0 total=256
32768,8,top1,cpu_keyed,1,32,436.553
32768,8,top1,readback_cpu_legacy,1,32,701.121
32768,8,top1,readback_cpu_keyed,1,32,691.729
32768,8,top1,metal_legacy,1,32,663.328
32768,8,top1,metal_compact,1,32,570.117
32768,8,top1,metal_queued,1,32,99.014
32768,8,top1,cpu_legacy,1,32,320.182
KEYED_CPU_METAL_DIFFERENCES vocab=32768 batch=8 filter=top1 repeat=1 differing=0 total=256
32768,8,top1,readback_cpu_legacy,2,32,651.816
32768,8,top1,readback_cpu_keyed,2,32,679.581
32768,8,top1,metal_legacy,2,32,588.488
32768,8,top1,metal_compact,2,32,537.948
32768,8,top1,metal_queued,2,32,95.387
32768,8,top1,cpu_legacy,2,32,345.866
32768,8,top1,cpu_keyed,2,32,380.822
KEYED_CPU_METAL_DIFFERENCES vocab=32768 batch=8 filter=top1 repeat=2 differing=0 total=256
32768,8,top1,readback_cpu_keyed,3,32,729.362
32768,8,top1,metal_legacy,3,32,663.418
32768,8,top1,metal_compact,3,32,504.230
32768,8,top1,metal_queued,3,32,100.591
32768,8,top1,cpu_legacy,3,32,370.809
32768,8,top1,cpu_keyed,3,32,618.341
32768,8,top1,readback_cpu_legacy,3,32,730.807
KEYED_CPU_METAL_DIFFERENCES vocab=32768 batch=8 filter=top1 repeat=3 differing=0 total=256
32768,8,top1,metal_legacy,4,32,658.355
32768,8,top1,metal_compact,4,32,567.829
32768,8,top1,metal_queued,4,32,141.378
32768,8,top1,cpu_legacy,4,32,325.172
32768,8,top1,cpu_keyed,4,32,378.790
32768,8,top1,readback_cpu_legacy,4,32,662.203
32768,8,top1,readback_cpu_keyed,4,32,678.966
KEYED_CPU_METAL_DIFFERENCES vocab=32768 batch=8 filter=top1 repeat=4 differing=0 total=256
32768,8,categorical,cpu_legacy,0,32,236.891
32768,8,categorical,cpu_keyed,0,32,294.911
32768,8,categorical,readback_cpu_legacy,0,32,580.603
32768,8,categorical,readback_cpu_keyed,0,32,639.745
32768,8,categorical,metal_legacy,0,32,553.017
32768,8,categorical,metal_compact,0,32,547.184
32768,8,categorical,metal_queued,0,32,120.246
KEYED_CPU_METAL_DIFFERENCES vocab=32768 batch=8 filter=categorical repeat=0 differing=8 total=256
32768,8,categorical,cpu_keyed,1,32,308.040
32768,8,categorical,readback_cpu_legacy,1,32,530.352
32768,8,categorical,readback_cpu_keyed,1,32,580.137
32768,8,categorical,metal_legacy,1,32,522.034
32768,8,categorical,metal_compact,1,32,553.867
32768,8,categorical,metal_queued,1,32,112.046
32768,8,categorical,cpu_legacy,1,32,259.138
KEYED_CPU_METAL_DIFFERENCES vocab=32768 batch=8 filter=categorical repeat=1 differing=8 total=256
32768,8,categorical,readback_cpu_legacy,2,32,545.673
32768,8,categorical,readback_cpu_keyed,2,32,619.017
32768,8,categorical,metal_legacy,2,32,527.253
32768,8,categorical,metal_compact,2,32,553.341
32768,8,categorical,metal_queued,2,32,105.757
32768,8,categorical,cpu_legacy,2,32,254.104
32768,8,categorical,cpu_keyed,2,32,318.975
KEYED_CPU_METAL_DIFFERENCES vocab=32768 batch=8 filter=categorical repeat=2 differing=8 total=256
32768,8,categorical,readback_cpu_keyed,3,32,637.992
32768,8,categorical,metal_legacy,3,32,538.820
32768,8,categorical,metal_compact,3,32,544.872
32768,8,categorical,metal_queued,3,32,129.738
32768,8,categorical,cpu_legacy,3,32,235.448
32768,8,categorical,cpu_keyed,3,32,297.538
32768,8,categorical,readback_cpu_legacy,3,32,548.831
KEYED_CPU_METAL_DIFFERENCES vocab=32768 batch=8 filter=categorical repeat=3 differing=8 total=256
32768,8,categorical,metal_legacy,4,32,534.648
32768,8,categorical,metal_compact,4,32,543.466
32768,8,categorical,metal_queued,4,32,100.034
32768,8,categorical,cpu_legacy,4,32,320.707
32768,8,categorical,cpu_keyed,4,32,322.706
32768,8,categorical,readback_cpu_legacy,4,32,569.915
32768,8,categorical,readback_cpu_keyed,4,32,578.725
KEYED_CPU_METAL_DIFFERENCES vocab=32768 batch=8 filter=categorical repeat=4 differing=8 total=256
32768,8,topk40_p90,cpu_legacy,0,32,381.678
32768,8,topk40_p90,cpu_keyed,0,32,430.789
32768,8,topk40_p90,readback_cpu_legacy,0,32,742.969
32768,8,topk40_p90,readback_cpu_keyed,0,32,717.691
32768,8,topk40_p90,metal_legacy,0,32,667.702
32768,8,topk40_p90,metal_compact,0,32,932.943
32768,8,topk40_p90,metal_queued,0,32,353.172
KEYED_CPU_METAL_DIFFERENCES vocab=32768 batch=8 filter=topk40_p90 repeat=0 differing=0 total=256
32768,8,topk40_p90,cpu_keyed,1,32,389.957
32768,8,topk40_p90,readback_cpu_legacy,1,32,678.586
32768,8,topk40_p90,readback_cpu_keyed,1,32,724.023
32768,8,topk40_p90,metal_legacy,1,32,684.348
32768,8,topk40_p90,metal_compact,1,32,968.953
32768,8,topk40_p90,metal_queued,1,32,407.059
32768,8,topk40_p90,cpu_legacy,1,32,383.253
KEYED_CPU_METAL_DIFFERENCES vocab=32768 batch=8 filter=topk40_p90 repeat=1 differing=0 total=256
32768,8,topk40_p90,readback_cpu_legacy,2,32,704.066
32768,8,topk40_p90,readback_cpu_keyed,2,32,670.952
32768,8,topk40_p90,metal_legacy,2,32,648.530
32768,8,topk40_p90,metal_compact,2,32,958.191
32768,8,topk40_p90,metal_queued,2,32,404.570
32768,8,topk40_p90,cpu_legacy,2,32,395.289
32768,8,topk40_p90,cpu_keyed,2,32,409.327
KEYED_CPU_METAL_DIFFERENCES vocab=32768 batch=8 filter=topk40_p90 repeat=2 differing=0 total=256
32768,8,topk40_p90,readback_cpu_keyed,3,32,698.988
32768,8,topk40_p90,metal_legacy,3,32,683.445
32768,8,topk40_p90,metal_compact,3,32,941.059
32768,8,topk40_p90,metal_queued,3,32,399.070
32768,8,topk40_p90,cpu_legacy,3,32,389.238
32768,8,topk40_p90,cpu_keyed,3,32,395.186
32768,8,topk40_p90,readback_cpu_legacy,3,32,688.174
KEYED_CPU_METAL_DIFFERENCES vocab=32768 batch=8 filter=topk40_p90 repeat=3 differing=0 total=256
32768,8,topk40_p90,metal_legacy,4,32,651.256
32768,8,topk40_p90,metal_compact,4,32,951.223
32768,8,topk40_p90,metal_queued,4,32,393.836
32768,8,topk40_p90,cpu_legacy,4,32,366.284
32768,8,topk40_p90,cpu_keyed,4,32,392.310
32768,8,topk40_p90,readback_cpu_legacy,4,32,667.471
32768,8,topk40_p90,readback_cpu_keyed,4,32,696.743
KEYED_CPU_METAL_DIFFERENCES vocab=32768 batch=8 filter=topk40_p90 repeat=4 differing=0 total=256
131072,1,greedy,cpu_legacy,0,32,432.919
131072,1,greedy,cpu_keyed,0,32,440.413
131072,1,greedy,readback_cpu_legacy,0,32,668.491
131072,1,greedy,readback_cpu_keyed,0,32,705.328
131072,1,greedy,metal_legacy,0,32,670.013
131072,1,greedy,metal_compact,0,32,406.194
131072,1,greedy,metal_queued,0,32,59.495
KEYED_CPU_METAL_DIFFERENCES vocab=131072 batch=1 filter=greedy repeat=0 differing=0 total=32
131072,1,greedy,cpu_keyed,1,32,424.452
131072,1,greedy,readback_cpu_legacy,1,32,698.635
131072,1,greedy,readback_cpu_keyed,1,32,733.128
131072,1,greedy,metal_legacy,1,32,661.508
131072,1,greedy,metal_compact,1,32,360.684
131072,1,greedy,metal_queued,1,32,83.109
131072,1,greedy,cpu_legacy,1,32,423.953
KEYED_CPU_METAL_DIFFERENCES vocab=131072 batch=1 filter=greedy repeat=1 differing=0 total=32
131072,1,greedy,readback_cpu_legacy,2,32,654.393
131072,1,greedy,readback_cpu_keyed,2,32,684.074
131072,1,greedy,metal_legacy,2,32,693.938
131072,1,greedy,metal_compact,2,32,350.923
131072,1,greedy,metal_queued,2,32,61.737
131072,1,greedy,cpu_legacy,2,32,424.793
131072,1,greedy,cpu_keyed,2,32,432.397
KEYED_CPU_METAL_DIFFERENCES vocab=131072 batch=1 filter=greedy repeat=2 differing=0 total=32
131072,1,greedy,readback_cpu_keyed,3,32,650.302
131072,1,greedy,metal_legacy,3,32,701.236
131072,1,greedy,metal_compact,3,32,351.314
131072,1,greedy,metal_queued,3,32,98.715
131072,1,greedy,cpu_legacy,3,32,422.536
131072,1,greedy,cpu_keyed,3,32,424.190
131072,1,greedy,readback_cpu_legacy,3,32,727.600
KEYED_CPU_METAL_DIFFERENCES vocab=131072 batch=1 filter=greedy repeat=3 differing=0 total=32
131072,1,greedy,metal_legacy,4,32,706.816
131072,1,greedy,metal_compact,4,32,439.514
131072,1,greedy,metal_queued,4,32,62.914
131072,1,greedy,cpu_legacy,4,32,426.329
131072,1,greedy,cpu_keyed,4,32,428.826
131072,1,greedy,readback_cpu_legacy,4,32,725.952
131072,1,greedy,readback_cpu_keyed,4,32,669.272
KEYED_CPU_METAL_DIFFERENCES vocab=131072 batch=1 filter=greedy repeat=4 differing=0 total=32
131072,1,top1,cpu_legacy,0,32,739.702
131072,1,top1,cpu_keyed,0,32,860.189
131072,1,top1,readback_cpu_legacy,0,32,1236.874
131072,1,top1,readback_cpu_keyed,0,32,1379.486
131072,1,top1,metal_legacy,0,32,272.119
131072,1,top1,metal_compact,0,32,354.280
131072,1,top1,metal_queued,0,32,66.883
KEYED_CPU_METAL_DIFFERENCES vocab=131072 batch=1 filter=top1 repeat=0 differing=0 total=32
131072,1,top1,cpu_keyed,1,32,851.319
131072,1,top1,readback_cpu_legacy,1,32,1275.417
131072,1,top1,readback_cpu_keyed,1,32,1361.737
131072,1,top1,metal_legacy,1,32,247.129
131072,1,top1,metal_compact,1,32,380.049
131072,1,top1,metal_queued,1,32,60.036
131072,1,top1,cpu_legacy,1,32,749.616
KEYED_CPU_METAL_DIFFERENCES vocab=131072 batch=1 filter=top1 repeat=1 differing=0 total=32
131072,1,top1,readback_cpu_legacy,2,32,1233.296
131072,1,top1,readback_cpu_keyed,2,32,1319.008
131072,1,top1,metal_legacy,2,32,266.896
131072,1,top1,metal_compact,2,32,376.293
131072,1,top1,metal_queued,2,32,62.128
131072,1,top1,cpu_legacy,2,32,753.233
131072,1,top1,cpu_keyed,2,32,861.096
KEYED_CPU_METAL_DIFFERENCES vocab=131072 batch=1 filter=top1 repeat=2 differing=0 total=32
131072,1,top1,readback_cpu_keyed,3,32,1286.655
131072,1,top1,metal_legacy,3,32,324.768
131072,1,top1,metal_compact,3,32,381.086
131072,1,top1,metal_queued,3,32,104.150
131072,1,top1,cpu_legacy,3,32,751.320
131072,1,top1,cpu_keyed,3,32,844.917
131072,1,top1,readback_cpu_legacy,3,32,1264.734
KEYED_CPU_METAL_DIFFERENCES vocab=131072 batch=1 filter=top1 repeat=3 differing=0 total=32
131072,1,top1,metal_legacy,4,32,278.279
131072,1,top1,metal_compact,4,32,344.603
131072,1,top1,metal_queued,4,32,110.280
131072,1,top1,cpu_legacy,4,32,744.529
131072,1,top1,cpu_keyed,4,32,861.307
131072,1,top1,readback_cpu_legacy,4,32,1205.164
131072,1,top1,readback_cpu_keyed,4,32,1371.352
KEYED_CPU_METAL_DIFFERENCES vocab=131072 batch=1 filter=top1 repeat=4 differing=0 total=32
131072,1,categorical,cpu_legacy,0,32,462.323
131072,1,categorical,cpu_keyed,0,32,639.361
131072,1,categorical,readback_cpu_legacy,0,32,712.969
131072,1,categorical,readback_cpu_keyed,0,32,925.372
131072,1,categorical,metal_legacy,0,32,689.337
131072,1,categorical,metal_compact,0,32,371.772
131072,1,categorical,metal_queued,0,32,123.928
KEYED_CPU_METAL_DIFFERENCES vocab=131072 batch=1 filter=categorical repeat=0 differing=11 total=32
131072,1,categorical,cpu_keyed,1,32,640.616
131072,1,categorical,readback_cpu_legacy,1,32,707.535
131072,1,categorical,readback_cpu_keyed,1,32,970.264
131072,1,categorical,metal_legacy,1,32,696.408
131072,1,categorical,metal_compact,1,32,403.823
131072,1,categorical,metal_queued,1,32,124.802
131072,1,categorical,cpu_legacy,1,32,453.671
KEYED_CPU_METAL_DIFFERENCES vocab=131072 batch=1 filter=categorical repeat=1 differing=11 total=32
131072,1,categorical,readback_cpu_legacy,2,32,701.783
131072,1,categorical,readback_cpu_keyed,2,32,915.465
131072,1,categorical,metal_legacy,2,32,685.370
131072,1,categorical,metal_compact,2,32,389.789
131072,1,categorical,metal_queued,2,32,130.909
131072,1,categorical,cpu_legacy,2,32,452.434
131072,1,categorical,cpu_keyed,2,32,636.358
KEYED_CPU_METAL_DIFFERENCES vocab=131072 batch=1 filter=categorical repeat=2 differing=11 total=32
131072,1,categorical,readback_cpu_keyed,3,32,942.456
131072,1,categorical,metal_legacy,3,32,711.576
131072,1,categorical,metal_compact,3,32,427.695
131072,1,categorical,metal_queued,3,32,125.318
131072,1,categorical,cpu_legacy,3,32,439.477
131072,1,categorical,cpu_keyed,3,32,641.517
131072,1,categorical,readback_cpu_legacy,3,32,735.148
KEYED_CPU_METAL_DIFFERENCES vocab=131072 batch=1 filter=categorical repeat=3 differing=11 total=32
131072,1,categorical,metal_legacy,4,32,687.832
131072,1,categorical,metal_compact,4,32,391.909
131072,1,categorical,metal_queued,4,32,79.230
131072,1,categorical,cpu_legacy,4,32,440.732
131072,1,categorical,cpu_keyed,4,32,633.957
131072,1,categorical,readback_cpu_legacy,4,32,738.345
131072,1,categorical,readback_cpu_keyed,4,32,923.893
KEYED_CPU_METAL_DIFFERENCES vocab=131072 batch=1 filter=categorical repeat=4 differing=11 total=32
131072,1,topk40_p90,cpu_legacy,0,32,926.050
131072,1,topk40_p90,cpu_keyed,0,32,1021.228
131072,1,topk40_p90,readback_cpu_legacy,0,32,1343.257
131072,1,topk40_p90,readback_cpu_keyed,0,32,1569.957
131072,1,topk40_p90,metal_legacy,0,32,456.672
131072,1,topk40_p90,metal_compact,0,32,703.245
131072,1,topk40_p90,metal_queued,0,32,246.526
KEYED_CPU_METAL_DIFFERENCES vocab=131072 batch=1 filter=topk40_p90 repeat=0 differing=0 total=32
131072,1,topk40_p90,cpu_keyed,1,32,1022.777
131072,1,topk40_p90,readback_cpu_legacy,1,32,1413.884
131072,1,topk40_p90,readback_cpu_keyed,1,32,1621.143
131072,1,topk40_p90,metal_legacy,1,32,484.871
131072,1,topk40_p90,metal_compact,1,32,671.628
131072,1,topk40_p90,metal_queued,1,32,252.461
131072,1,topk40_p90,cpu_legacy,1,32,904.914
KEYED_CPU_METAL_DIFFERENCES vocab=131072 batch=1 filter=topk40_p90 repeat=1 differing=0 total=32
131072,1,topk40_p90,readback_cpu_legacy,2,32,1400.340
131072,1,topk40_p90,readback_cpu_keyed,2,32,1620.875
131072,1,topk40_p90,metal_legacy,2,32,449.891
131072,1,topk40_p90,metal_compact,2,32,672.216
131072,1,topk40_p90,metal_queued,2,32,252.835
131072,1,topk40_p90,cpu_legacy,2,32,922.271
131072,1,topk40_p90,cpu_keyed,2,32,1045.238
KEYED_CPU_METAL_DIFFERENCES vocab=131072 batch=1 filter=topk40_p90 repeat=2 differing=0 total=32
131072,1,topk40_p90,readback_cpu_keyed,3,32,1511.115
131072,1,topk40_p90,metal_legacy,3,32,500.350
131072,1,topk40_p90,metal_compact,3,32,652.289
131072,1,topk40_p90,metal_queued,3,32,245.439
131072,1,topk40_p90,cpu_legacy,3,32,931.186
131072,1,topk40_p90,cpu_keyed,3,32,1036.033
131072,1,topk40_p90,readback_cpu_legacy,3,32,1326.062
KEYED_CPU_METAL_DIFFERENCES vocab=131072 batch=1 filter=topk40_p90 repeat=3 differing=0 total=32
131072,1,topk40_p90,metal_legacy,4,32,570.630
131072,1,topk40_p90,metal_compact,4,32,700.827
131072,1,topk40_p90,metal_queued,4,32,245.664
131072,1,topk40_p90,cpu_legacy,4,32,920.517
131072,1,topk40_p90,cpu_keyed,4,32,1042.075
131072,1,topk40_p90,readback_cpu_legacy,4,32,1383.147
131072,1,topk40_p90,readback_cpu_keyed,4,32,1555.100
KEYED_CPU_METAL_DIFFERENCES vocab=131072 batch=1 filter=topk40_p90 repeat=4 differing=0 total=32
131072,8,greedy,cpu_legacy,0,32,608.005
131072,8,greedy,cpu_keyed,0,32,644.948
131072,8,greedy,readback_cpu_legacy,0,32,1201.779
131072,8,greedy,readback_cpu_keyed,0,32,1289.477
131072,8,greedy,metal_legacy,0,32,1283.423
131072,8,greedy,metal_compact,0,32,853.650
131072,8,greedy,metal_queued,0,32,204.956
KEYED_CPU_METAL_DIFFERENCES vocab=131072 batch=8 filter=greedy repeat=0 differing=0 total=256
131072,8,greedy,cpu_keyed,1,32,589.707
131072,8,greedy,readback_cpu_legacy,1,32,1299.387
131072,8,greedy,readback_cpu_keyed,1,32,1328.910
131072,8,greedy,metal_legacy,1,32,1382.628
131072,8,greedy,metal_compact,1,32,868.871
131072,8,greedy,metal_queued,1,32,208.562
131072,8,greedy,cpu_legacy,1,32,606.367
KEYED_CPU_METAL_DIFFERENCES vocab=131072 batch=8 filter=greedy repeat=1 differing=0 total=256
131072,8,greedy,readback_cpu_legacy,2,32,1320.190
131072,8,greedy,readback_cpu_keyed,2,32,1355.167
131072,8,greedy,metal_legacy,2,32,1311.458
131072,8,greedy,metal_compact,2,32,883.526
131072,8,greedy,metal_queued,2,32,161.217
131072,8,greedy,cpu_legacy,2,32,596.523
131072,8,greedy,cpu_keyed,2,32,631.135
KEYED_CPU_METAL_DIFFERENCES vocab=131072 batch=8 filter=greedy repeat=2 differing=0 total=256
131072,8,greedy,readback_cpu_keyed,3,32,1356.247
131072,8,greedy,metal_legacy,3,32,1290.121
131072,8,greedy,metal_compact,3,32,830.944
131072,8,greedy,metal_queued,3,32,159.543
131072,8,greedy,cpu_legacy,3,32,639.215
131072,8,greedy,cpu_keyed,3,32,592.603
131072,8,greedy,readback_cpu_legacy,3,32,1224.771
KEYED_CPU_METAL_DIFFERENCES vocab=131072 batch=8 filter=greedy repeat=3 differing=0 total=256
131072,8,greedy,metal_legacy,4,32,1301.839
131072,8,greedy,metal_compact,4,32,804.014
131072,8,greedy,metal_queued,4,32,166.281
131072,8,greedy,cpu_legacy,4,32,611.938
131072,8,greedy,cpu_keyed,4,32,592.896
131072,8,greedy,readback_cpu_legacy,4,32,1294.431
131072,8,greedy,readback_cpu_keyed,4,32,1341.091
KEYED_CPU_METAL_DIFFERENCES vocab=131072 batch=8 filter=greedy repeat=4 differing=0 total=256
131072,8,top1,cpu_legacy,0,32,1082.082
131072,8,top1,cpu_keyed,0,32,1409.897
131072,8,top1,readback_cpu_legacy,0,32,1807.117
131072,8,top1,readback_cpu_keyed,0,32,1811.673
131072,8,top1,metal_legacy,0,32,1744.137
131072,8,top1,metal_compact,0,32,859.941
131072,8,top1,metal_queued,0,32,247.306
KEYED_CPU_METAL_DIFFERENCES vocab=131072 batch=8 filter=top1 repeat=0 differing=0 total=256
131072,8,top1,cpu_keyed,1,32,1156.215
131072,8,top1,readback_cpu_legacy,1,32,1699.219
131072,8,top1,readback_cpu_keyed,1,32,1748.240
131072,8,top1,metal_legacy,1,32,1631.806
131072,8,top1,metal_compact,1,32,883.740
131072,8,top1,metal_queued,1,32,195.440
131072,8,top1,cpu_legacy,1,32,1054.921
KEYED_CPU_METAL_DIFFERENCES vocab=131072 batch=8 filter=top1 repeat=1 differing=0 total=256
131072,8,top1,readback_cpu_legacy,2,32,1727.815
131072,8,top1,readback_cpu_keyed,2,32,1811.772
131072,8,top1,metal_legacy,2,32,1780.841
131072,8,top1,metal_compact,2,32,883.983
131072,8,top1,metal_queued,2,32,203.596
131072,8,top1,cpu_legacy,2,32,1095.792
131072,8,top1,cpu_keyed,2,32,1196.763
KEYED_CPU_METAL_DIFFERENCES vocab=131072 batch=8 filter=top1 repeat=2 differing=0 total=256
131072,8,top1,readback_cpu_keyed,3,32,1773.333
131072,8,top1,metal_legacy,3,32,1713.643
131072,8,top1,metal_compact,3,32,853.018
131072,8,top1,metal_queued,3,32,192.951
131072,8,top1,cpu_legacy,3,32,1064.411
131072,8,top1,cpu_keyed,3,32,1177.504
131072,8,top1,readback_cpu_legacy,3,32,1687.337
KEYED_CPU_METAL_DIFFERENCES vocab=131072 batch=8 filter=top1 repeat=3 differing=0 total=256
131072,8,top1,metal_legacy,4,32,1795.944
131072,8,top1,metal_compact,4,32,847.279
131072,8,top1,metal_queued,4,32,163.322
131072,8,top1,cpu_legacy,4,32,1023.780
131072,8,top1,cpu_keyed,4,32,1154.730
131072,8,top1,readback_cpu_legacy,4,32,1685.637
131072,8,top1,readback_cpu_keyed,4,32,1932.714
KEYED_CPU_METAL_DIFFERENCES vocab=131072 batch=8 filter=top1 repeat=4 differing=0 total=256
131072,8,categorical,cpu_legacy,0,32,685.340
131072,8,categorical,cpu_keyed,0,32,866.258
131072,8,categorical,readback_cpu_legacy,0,32,1386.103
131072,8,categorical,readback_cpu_keyed,0,32,1553.556
131072,8,categorical,metal_legacy,0,32,1330.758
131072,8,categorical,metal_compact,0,32,867.204
131072,8,categorical,metal_queued,0,32,198.018
KEYED_CPU_METAL_DIFFERENCES vocab=131072 batch=8 filter=categorical repeat=0 differing=72 total=256
131072,8,categorical,cpu_keyed,1,32,866.211
131072,8,categorical,readback_cpu_legacy,1,32,1363.669
131072,8,categorical,readback_cpu_keyed,1,32,1602.025
131072,8,categorical,metal_legacy,1,32,1414.802
131072,8,categorical,metal_compact,1,32,842.083
131072,8,categorical,metal_queued,1,32,189.947
131072,8,categorical,cpu_legacy,1,32,633.227
KEYED_CPU_METAL_DIFFERENCES vocab=131072 batch=8 filter=categorical repeat=1 differing=72 total=256
131072,8,categorical,readback_cpu_legacy,2,32,1325.741
131072,8,categorical,readback_cpu_keyed,2,32,1756.676
131072,8,categorical,metal_legacy,2,32,1334.516
131072,8,categorical,metal_compact,2,32,845.283
131072,8,categorical,metal_queued,2,32,225.658
131072,8,categorical,cpu_legacy,2,32,629.806
131072,8,categorical,cpu_keyed,2,32,864.690
KEYED_CPU_METAL_DIFFERENCES vocab=131072 batch=8 filter=categorical repeat=2 differing=72 total=256
131072,8,categorical,readback_cpu_keyed,3,32,1559.673
131072,8,categorical,metal_legacy,3,32,1343.514
131072,8,categorical,metal_compact,3,32,850.934
131072,8,categorical,metal_queued,3,32,236.346
131072,8,categorical,cpu_legacy,3,32,589.717
131072,8,categorical,cpu_keyed,3,32,852.832
131072,8,categorical,readback_cpu_legacy,3,32,1300.845
KEYED_CPU_METAL_DIFFERENCES vocab=131072 batch=8 filter=categorical repeat=3 differing=72 total=256
131072,8,categorical,metal_legacy,4,32,1370.312
131072,8,categorical,metal_compact,4,32,833.081
131072,8,categorical,metal_queued,4,32,190.122
131072,8,categorical,cpu_legacy,4,32,644.118
131072,8,categorical,cpu_keyed,4,32,884.911
131072,8,categorical,readback_cpu_legacy,4,32,1385.137
131072,8,categorical,readback_cpu_keyed,4,32,1568.922
KEYED_CPU_METAL_DIFFERENCES vocab=131072 batch=8 filter=categorical repeat=4 differing=72 total=256
131072,8,topk40_p90,cpu_legacy,0,32,1218.668
131072,8,topk40_p90,cpu_keyed,0,32,1345.602
131072,8,topk40_p90,readback_cpu_legacy,0,32,2020.335
131072,8,topk40_p90,readback_cpu_keyed,0,32,2254.065
131072,8,topk40_p90,metal_legacy,0,32,2086.116
131072,8,topk40_p90,metal_compact,0,32,1970.267
131072,8,topk40_p90,metal_queued,0,32,1056.639
KEYED_CPU_METAL_DIFFERENCES vocab=131072 batch=8 filter=topk40_p90 repeat=0 differing=0 total=256
131072,8,topk40_p90,cpu_keyed,1,32,1255.082
131072,8,topk40_p90,readback_cpu_legacy,1,32,2000.445
131072,8,topk40_p90,readback_cpu_keyed,1,32,2123.398
131072,8,topk40_p90,metal_legacy,1,32,1991.331
131072,8,topk40_p90,metal_compact,1,32,1923.257
131072,8,topk40_p90,metal_queued,1,32,1059.631
131072,8,topk40_p90,cpu_legacy,1,32,1284.286
KEYED_CPU_METAL_DIFFERENCES vocab=131072 batch=8 filter=topk40_p90 repeat=1 differing=0 total=256
131072,8,topk40_p90,readback_cpu_legacy,2,32,2034.043
131072,8,topk40_p90,readback_cpu_keyed,2,32,2116.663
131072,8,topk40_p90,metal_legacy,2,32,2031.488
131072,8,topk40_p90,metal_compact,2,32,1864.214
131072,8,topk40_p90,metal_queued,2,32,1037.736
131072,8,topk40_p90,cpu_legacy,2,32,1238.086
131072,8,topk40_p90,cpu_keyed,2,32,1425.508
KEYED_CPU_METAL_DIFFERENCES vocab=131072 batch=8 filter=topk40_p90 repeat=2 differing=0 total=256
131072,8,topk40_p90,readback_cpu_keyed,3,32,2031.473
131072,8,topk40_p90,metal_legacy,3,32,2328.256
131072,8,topk40_p90,metal_compact,3,32,1920.259
131072,8,topk40_p90,metal_queued,3,32,1072.648
131072,8,topk40_p90,cpu_legacy,3,32,1284.526
131072,8,topk40_p90,cpu_keyed,3,32,1266.841
131072,8,topk40_p90,readback_cpu_legacy,3,32,2053.852
KEYED_CPU_METAL_DIFFERENCES vocab=131072 batch=8 filter=topk40_p90 repeat=3 differing=0 total=256
131072,8,topk40_p90,metal_legacy,4,32,2024.342
131072,8,topk40_p90,metal_compact,4,32,1998.617
131072,8,topk40_p90,metal_queued,4,32,1064.715
131072,8,topk40_p90,cpu_legacy,4,32,1274.572
131072,8,topk40_p90,cpu_keyed,4,32,1281.049
131072,8,topk40_p90,readback_cpu_legacy,4,32,2062.090
131072,8,topk40_p90,readback_cpu_keyed,4,32,2058.401
KEYED_CPU_METAL_DIFFERENCES vocab=131072 batch=8 filter=topk40_p90 repeat=4 differing=0 total=256
ok

test result: ok. 1 passed; 0 failed; 0 ignored; 0 measured; 1426 filtered out; finished in 13.57s
